SimplePhi { numBlocks = 4
          , phis = [ (0, fromList ["0", "%19"])
                   , (1, fromList ["0", "%20"])
                   ]
          , blockPhis = [(0, 1), (1, 1)]
          , assignedPhis = []
          }