SimplePhi { numBlocks = 1
          , phis = []
          , blockPhis = []
          , assignedPhis = []
          }